PS C:\Windows\System32> Set-ExecutionPolicy -ExecutionPolicy Undefined -Scope CurrentUser
PS C:\Windows\System32> Get-ExecutionPolicy -List

        Scope ExecutionPolicy
        ----- ---------------
MachinePolicy       Undefined
   UserPolicy       Undefined
      Process       Undefined
  CurrentUser       Undefined
 LocalMachine    RemoteSigned

PS C:\Windows\System32> Set-ExecutionPolicy -Scope CurrentUser

cmdlet Set-ExecutionPolicy at command pipeline position 1
Supply values for the following parameters:
ExecutionPolicy: all
PS C:\Windows\System32> Get-ExecutionPolicy -List

        Scope ExecutionPolicy
        ----- ---------------
MachinePolicy       Undefined
   UserPolicy       Undefined
      Process       Undefined
  CurrentUser       AllSigned
 LocalMachine    RemoteSigned

PS C:\Windows\System32> Set-ExecutionPolicy -Scope CurrentUser